<html>
<body>
<pre>
<h1>µVision Build Log</h1>
<h2>Tool Versions:</h2>
IDE-Version: µVision V5.15
Copyright (C) 2015 ARM Ltd and ARM Germany GmbH. All rights reserved.
License Information: 1 1, 1, LIC=----
 
Tool Versions:
Toolchain:       MDK-Lite  Version: 5.15.0
Toolchain Path:  D:\2\ARM\ARMCC\Bin
C Compiler:      Armcc.exe V5.05 update 2 (build 169)
Assembler:       Armasm.exe V5.05 update 2 (build 169)
Linker/Locator:  ArmLink.exe V5.05 update 2 (build 169)
Library Manager: ArmAr.exe V5.05 update 2 (build 169)
Hex Converter:   FromElf.exe V5.05 update 2 (build 169)
CPU DLL:         SARMCM3.DLL V5.15.0
Dialog DLL:      DCM.DLL V1.13.2.0
Target DLL:      STLink\ST-LINKIII-KEIL_SWO.dll V2.0.15.0_KEIL
Dialog DLL:      TCM.DLL V1.14.5.0
 
<h2>Project:</h2>
D:\ALL_PROJ\stm32f100_disc_programs\stm32f100_spi_master\stm32f100_spi_master\disc.uvprojx
Project File Date:  10/22/2015

<h2>Output:</h2>
*** Using Compiler 'V5.05 update 2 (build 169)', folder: 'D:\2\ARM\ARMCC\Bin'
Build target 'Target 1'
compiling main.c...
.\user\inc\main.h(8): warning:  #1-D: last line of file ends without a newline
        #endif
user\src\main.c(275): warning:  #177-D: variable "data" was declared but never referenced
        uint8_t data = 0x25;
user\src\main.c(330): warning:  #1-D: last line of file ends without a newline
        
user\src\main.c: 3 warnings, 0 errors
linking...
Program Size: Code=5400 RO-data=320 RW-data=68 ZI-data=2092  
FromELF: creating hex file...
".\disc.axf" - 0 Error(s), 3 Warning(s).

<h2>Software Packages used:</h2>

Package Vendor: ARM
                http://www.keil.com/pack/ARM.CMSIS.4.3.0.pack
                ARM::CMSIS:CORE:4.1.0
                CMSIS (Cortex Microcontroller Software Interface Standard)
   * Component: CORE Version: 4.1.0

Package Vendor: Keil
                http://www.keil.com/pack/Keil.STM32F1xx_DFP.1.1.0.pack
                Keil::Device:Startup:1.0.0
                STMicroelectronics STM32F1 Series Device Support, Drivers and Examples
   * Component: Startup Version: 1.0.0

<h2>Collection of Component include folders:</h2>
  D:\ALL_PROJ\stm32f100_disc_programs\stm32f100_spi_master\stm32f100_spi_master\RTE
  D:\ALL_PROJ\stm32f100_disc_programs\stm32f100_spi_master\stm32f100_spi_master\RTE\Device\STM32F100RB
  D:\2\ARM\PACK\ARM\CMSIS\4.3.0\CMSIS\Include
  D:\2\ARM\PACK\Keil\STM32F1xx_DFP\1.1.0\Device\Include

<h2>Collection of Component Files used:</h2>

   * Component: ARM::CMSIS:CORE:4.1.0

   * Component: Keil::Device:Startup:1.0.0
      Source file:   Device\Source\ARM\STM32F1xx_OPT.s
      Source file:   Device\Source\ARM\startup_stm32f10x_md_vl.s
      Source file:   Device\Source\system_stm32f10x.c
      Include file:  RTE_Driver\Config\RTE_Device.h
</pre>
</body>
</html>
