<html>
<body>
<pre>
<h1>µVision Build Log</h1>
<h2>Tool Versions:</h2>
IDE-Version: µVision V5.15
Copyright (C) 2015 ARM Ltd and ARM Germany GmbH. All rights reserved.
License Information: 1 1, 1, LIC=Z3CY8-3MRIY-672RS-LCJWX-YTS5F-4N3I8
 
Tool Versions:
Toolchain:       MDK-ARM Professional  Version: 5.15.0
Toolchain Path:  D:\2\ARM\ARMCC\Bin
C Compiler:      Armcc.exe V5.05 update 2 (build 169)
Assembler:       Armasm.exe V5.05 update 2 (build 169)
Linker/Locator:  ArmLink.exe V5.05 update 2 (build 169)
Library Manager: ArmAr.exe V5.05 update 2 (build 169)
Hex Converter:   FromElf.exe V5.05 update 2 (build 169)
CPU DLL:         SARMCM3.DLL V5.15.0
Dialog DLL:      DCM.DLL V1.13.2.0
Target DLL:      STLink\ST-LINKIII-KEIL_SWO.dll V2.0.15.0_KEIL
Dialog DLL:      TCM.DLL V1.14.5.0
 
<h2>Project:</h2>
D:\ALL_PROJ\stm32f100_disc_programs\stm32f100_spi_master\stm32f100_spi_master\disc.uvprojx
Project File Date:  10/30/2016

<h2>Output:</h2>
*** Using Compiler 'V5.05 update 2 (build 169)', folder: 'D:\2\ARM\ARMCC\Bin'
Build target 'Target 1'
compiling misc.c...
compiling stm32f10x_adc.c...
compiling stm32f10x_bkp.c...
compiling stm32f10x_can.c...
compiling stm32f10x_cec.c...
compiling stm32f10x_crc.c...
compiling stm32f10x_dac.c...
compiling stm32f10x_dbgmcu.c...
compiling stm32f10x_dma.c...
compiling stm32f10x_exti.c...
compiling stm32f10x_flash.c...
compiling stm32f10x_fsmc.c...
compiling stm32f10x_gpio.c...
compiling stm32f10x_i2c.c...
compiling stm32f10x_iwdg.c...
compiling stm32f10x_pwr.c...
compiling stm32f10x_rcc.c...
compiling stm32f10x_rtc.c...
compiling stm32f10x_sdio.c...
compiling stm32f10x_spi.c...
compiling stm32f10x_tim.c...
compiling stm32f10x_usart.c...
compiling stm32f10x_wwdg.c...
compiling main.c...
.\user\inc\main.h(8): warning:  #1-D: last line of file ends without a newline
        #endif
user\src\main.c(324): warning:  #1-D: last line of file ends without a newline
        
user\src\main.c: 2 warnings, 0 errors
compiling mcu_ini.c...
.\user\inc\mcu_ini.h(6): warning:  #1-D: last line of file ends without a newline
        #endif
user\src\mcu_ini.c: 1 warning, 0 errors
compiling hello-world.c...
UIP\hello-world.c(89): warning:  #550-D: variable "PT_YIELD_FLAG" was set but never used
    PSOCK_BEGIN(&s->p);
UIP\hello-world.c: 1 warning, 0 errors
compiling enc28j60.c...
compiling delay.c...
compiling psock.c...
UIP\uip\psock.c(188): warning:  #513-D: a value of type "const char *" cannot be assigned to an entity of type "const u8_t *"
    s->sendptr = buf;
UIP\uip\psock.c(179): warning:  #550-D: variable "PT_YIELD_FLAG" was set but never used
    PT_BEGIN(&s->psockpt);
UIP\uip\psock.c(218): warning:  #550-D: variable "PT_YIELD_FLAG" was set but never used
    PT_BEGIN(&s->psockpt);
UIP\uip\psock.c(276): warning:  #167-D: argument of type "char *" is incompatible with parameter of type "u8_t *"
    buf_setup(&psock->buf, psock->bufptr, psock->bufsize);
UIP\uip\psock.c(274): warning:  #550-D: variable "PT_YIELD_FLAG" was set but never used
    PT_BEGIN(&psock->psockpt);
UIP\uip\psock.c(303): warning:  #167-D: argument of type "char *" is incompatible with parameter of type "u8_t *"
    buf_setup(&psock->buf, psock->bufptr, psock->bufsize);
UIP\uip\psock.c(301): warning:  #550-D: variable "PT_YIELD_FLAG" was set but never used
    PT_BEGIN(&psock->psockpt);
UIP\uip\psock.c(334): warning:  #167-D: argument of type "char *" is incompatible with parameter of type "u8_t *"
    buf_setup(&psock->buf, buffer, buffersize);
UIP\uip\psock.c: 8 warnings, 0 errors
compiling uip.c...
UIP\uip\uip.c(1847): warning:  #177-D: label "ip_send_nolen" was declared but never referenced
   ip_send_nolen:
UIP\uip\uip.c(113): warning:  #177-D: variable "all_ones_addr" was declared but never referenced
  static const uip_ipaddr_t all_ones_addr =
UIP\uip\uip.c: 2 warnings, 0 errors
compiling uip_arp.c...
compiling uip-neighbor.c...
UIP\uip\uip-neighbor.c(90): warning:  #223-D: function "printf" declared implicitly
    printf("Adding neighbor with link address %02x:%02x:%02x:%02x:%02x:%02x\n",
UIP\uip\uip-neighbor.c: 1 warning, 0 errors
compiling uiplib.c...
compiling system_stm32f10x.c...
linking...
Program Size: Code=5636 RO-data=320 RW-data=68 ZI-data=2092  
FromELF: creating hex file...
".\disc.axf" - 0 Error(s), 15 Warning(s).

<h2>Software Packages used:</h2>

Package Vendor: ARM
                http://www.keil.com/pack/ARM.CMSIS.4.3.0.pack
                ARM::CMSIS:CORE:4.1.0
                CMSIS (Cortex Microcontroller Software Interface Standard)
   * Component: CORE Version: 4.1.0

Package Vendor: Keil
                http://www.keil.com/pack/Keil.STM32F1xx_DFP.1.1.0.pack
                Keil::Device:Startup:1.0.0
                STMicroelectronics STM32F1 Series Device Support, Drivers and Examples
   * Component: Startup Version: 1.0.0

<h2>Collection of Component include folders:</h2>
  D:\ALL_PROJ\stm32f100_disc_programs\stm32f100_spi_master\stm32f100_spi_master\RTE
  D:\ALL_PROJ\stm32f100_disc_programs\stm32f100_spi_master\stm32f100_spi_master\RTE\Device\STM32F100RB
  D:\2\ARM\PACK\ARM\CMSIS\4.3.0\CMSIS\Include
  D:\2\ARM\PACK\Keil\STM32F1xx_DFP\1.1.0\Device\Include

<h2>Collection of Component Files used:</h2>

   * Component: ARM::CMSIS:CORE:4.1.0

   * Component: Keil::Device:Startup:1.0.0
      Source file:   Device\Source\ARM\STM32F1xx_OPT.s
      Source file:   Device\Source\ARM\startup_stm32f10x_md_vl.s
      Source file:   Device\Source\system_stm32f10x.c
      Include file:  RTE_Driver\Config\RTE_Device.h
</pre>
</body>
</html>
